// Jest Snapshot v1, https://goo.gl/fbAQLP

exports[`renders when there is welcome sentence 1`] = `
<div>
  <div />
  <div
    className="home_page"
  >
    <h2>
      Welcome to our page!
    </h2>
    <p>
      Lorem ipsum dolor sit amet consectetur adipisicing elit. Soluta neque, ducimus inventore minima doloremque libero qui debitis culpa, porro fuga sapiente ab facilis molestiae, aliquam alias dolor in voluptatem. Similique.
    </p>
    <p>
      Lorem ipsum dolor sit amet consectetur adipisicing elit. Soluta neque, ducimus inventore minima doloremque libero qui debitis culpa, porro fuga sapiente ab facilis molestiae, aliquam alias dolor in voluptatem. Similique.
    </p>
  </div>
</div>
`;
