// Jest Snapshot v1, https://goo.gl/fbAQLP

exports[`renders when there is quote 1`] = `
<div
  className="quote"
>
  <p>
    "Mathematics is not about numbers, equations, computations or algorithms: it is about understanding." William Paul Thurston
  </p>
</div>
`;
